../Drivers/CMSIS/Include/core_cm4.h:1684:22:__NVIC_EnableIRQ	2
../Core/Src/main.c:92:5:main	4
../Core/Src/main.c:204:6:EXTI15_10_IRQHandler	2
../Core/Src/main.c:212:6:USART3_IRQHandler	1
../Core/Src/main.c:220:6:UART3_Send_Byte	5
../Core/Src/main.c:231:6:UART3_Send_String	2
../Core/Src/main.c:237:13:SysTick_Interrupt_Init	1
../Core/Src/main.c:331:6:SystemClock_Config	3
../Core/Src/main.c:377:13:MX_ETH_Init	2
../Core/Src/main.c:426:13:MX_TIM6_Init	3
../Core/Src/main.c:464:13:MX_TIM9_Init	3
../Core/Src/main.c:502:13:MX_USART3_UART_Init	2
../Core/Src/main.c:535:13:MX_USB_OTG_FS_PCD_Init	2
../Core/Src/main.c:570:13:MX_GPIO_Init	1
../Core/Src/main.c:630:6:Error_Handler	1
