../Drivers/CMSIS/Include/core_cm4.h:1684:22:__NVIC_EnableIRQ	16	static,ignoring_inline_asm
../Drivers/CMSIS/Include/core_cm4.h:1814:22:__NVIC_SetPriority	16	static
../Core/Src/main.c:94:5:main	24	static
../Core/Src/main.c:192:6:SystemClock_Config	88	static
../Core/Src/main.c:238:13:MX_ETH_Init	8	static
../Core/Src/main.c:287:13:MX_USART3_UART_Init	8	static
../Core/Src/main.c:320:13:MX_USB_OTG_FS_PCD_Init	8	static
../Core/Src/main.c:355:13:MX_GPIO_Init	56	static
../Core/Src/main.c:418:6:StartDefaultTask	32	static
../Core/Src/main.c:477:6:Error_Handler	4	static,ignoring_inline_asm
