../Core/Src/main.c:85:6:UART3_Init	1
../Core/Src/main.c:111:6:UART3_Send_Byte	4
../Core/Src/main.c:120:6:UART3_Send_String	2
../Core/Src/main.c:126:10:UART3_Printf	1
../Core/Src/main.c:146:5:main	3
../Core/Src/main.c:240:6:SystemClock_Config	3
../Core/Src/main.c:286:13:MX_ETH_Init	2
../Core/Src/main.c:335:13:MX_USART3_UART_Init	2
../Core/Src/main.c:368:13:MX_USB_OTG_FS_PCD_Init	2
../Core/Src/main.c:403:13:MX_GPIO_Init	1
../Core/Src/main.c:466:6:StartDefaultTask	2
../Core/Src/main.c:501:6:Error_Handler	1
