../Core/Src/main.c:87:5:_write	2
../Core/Src/main.c:101:5:main	1
../Core/Src/main.c:199:6:SystemClock_Config	3
../Core/Src/main.c:245:13:MX_ETH_Init	2
../Core/Src/main.c:294:13:MX_USART3_UART_Init	2
../Core/Src/main.c:327:13:MX_USB_OTG_FS_PCD_Init	2
../Core/Src/main.c:362:13:MX_GPIO_Init	1
../Core/Src/main.c:419:6:UART3_Init_NoHal	1
../Core/Src/main.c:426:6:UART3_Send_Byte	4
../Core/Src/main.c:435:6:UART3_Send_String	2
../Core/Src/main.c:441:6:GPIO_Init_NoHal	1
../Core/Src/main.c:457:6:I2C2_Init_NoHal	1
../Core/Src/main.c:469:6:TIM1_Init_NoHal	1
../Core/Src/main.c:478:6:I2C2_WriteRegister	7
../Core/Src/main.c:485:6:I2C2_ReadBurst	11
../Core/Src/main.c:497:6:StartSensorTask	1
../Core/Src/main.c:507:6:StartMotorTask	3
../Core/Src/main.c:540:6:StartDefaultTask	1
../Core/Src/main.c:555:6:Error_Handler	1
