../Drivers/CMSIS/Include/core_cm4.h:1684:22:__NVIC_EnableIRQ	16	static,ignoring_inline_asm
../Drivers/CMSIS/Include/core_cm4.h:1814:22:__NVIC_SetPriority	16	static
../Core/Src/main.c:123:5:main	16	static
../Core/Src/main.c:211:6:SystemClock_Config	88	static
../Core/Src/main.c:257:13:MX_ETH_Init	8	static
../Core/Src/main.c:306:13:MX_USART3_UART_Init	8	static
../Core/Src/main.c:339:13:MX_USB_OTG_FS_PCD_Init	8	static
../Core/Src/main.c:374:13:MX_GPIO_Init	56	static
../Core/Src/main.c:427:6:UART3_Init_NoHal	4	static
../Core/Src/main.c:434:6:UART3_Send_Byte	16	static
../Core/Src/main.c:443:6:UART3_Send_String	16	static
../Core/Src/main.c:449:6:I2C2_Task	16	static
../Core/Src/main.c:464:6:I2C2_INIT	4	static
../Core/Src/main.c:499:6:TIM6_INIT	4	static
../Core/Src/main.c:517:6:TIM6_DAC_IRQHandler	16	static,ignoring_inline_asm
../Core/Src/main.c:539:6:StartDefaultTask	16	static
../Core/Src/main.c:554:6:Error_Handler	4	static,ignoring_inline_asm
