../Drivers/CMSIS/Include/core_cm4.h:1684:22:__NVIC_EnableIRQ	2
../Drivers/CMSIS/Include/core_cm4.h:1814:22:__NVIC_SetPriority	2
../Core/Src/main.c:123:5:main	1
../Core/Src/main.c:211:6:SystemClock_Config	3
../Core/Src/main.c:257:13:MX_ETH_Init	2
../Core/Src/main.c:306:13:MX_USART3_UART_Init	2
../Core/Src/main.c:339:13:MX_USB_OTG_FS_PCD_Init	2
../Core/Src/main.c:374:13:MX_GPIO_Init	1
../Core/Src/main.c:427:6:UART3_Init_NoHal	1
../Core/Src/main.c:434:6:UART3_Send_Byte	4
../Core/Src/main.c:443:6:UART3_Send_String	2
../Core/Src/main.c:449:6:I2C2_Task	3
../Core/Src/main.c:464:6:I2C2_INIT	1
../Core/Src/main.c:499:6:TIM6_INIT	1
../Core/Src/main.c:517:6:TIM6_DAC_IRQHandler	3
../Core/Src/main.c:539:6:StartDefaultTask	1
../Core/Src/main.c:554:6:Error_Handler	1
