../Drivers/CMSIS/Include/core_cm4.h:1684:22:__NVIC_EnableIRQ	16	static,ignoring_inline_asm
../Core/Src/main.c:162:5:main	8	static
../Core/Src/main.c:222:6:Timer7_Init	8	static
../Core/Src/main.c:239:6:HCSR04_Init	4	static
../Core/Src/main.c:257:7:HCSR04_Read	16	static
../Core/Src/main.c:295:6:TIM7_IRQHandler	8	static
../Core/Src/main.c:311:6:Delay_us	24	static,ignoring_inline_asm
../Core/Src/main.c:324:13:GPIO_LED_Init	4	static
../Core/Src/main.c:356:21:Get_TIM9_TimerClock_Hz	32	static
../Core/Src/main.c:383:13:TIM9_PWM_PE5_Init	16	static
../Core/Src/main.c:480:13:PE5_PWM_Mode	4	static
../Core/Src/main.c:493:13:PE5_GPIO_Low_Mode	4	static
../Core/Src/main.c:508:6:Buzzer_SetFreq	24	static
../Core/Src/main.c:527:6:Buzzer_Start	8	static
../Core/Src/main.c:545:6:Buzzer_Stop	8	static
../Core/Src/main.c:568:6:Delay_Loop	16	static
../Core/Src/main.c:577:6:Buzzer_Play_Elise	536	static
../Core/Src/main.c:684:6:ParkingSensor_LED_NoWarning	4	static
../Core/Src/main.c:694:6:ParkingSensor_LED_BeepOn	4	static
../Core/Src/main.c:704:6:ParkingSensor_LED_BeepOff	4	static
../Core/Src/main.c:725:6:ParkingSensor_Update_ByLoop	24	static
../Core/Src/main.c:834:6:Error_Handler	16	static,ignoring_inline_asm
../Core/Src/main.c:864:6:SystemClock_Config	88	static
../Core/Src/main.c:910:13:MX_ETH_Init	8	static
../Core/Src/main.c:959:13:MX_USART3_UART_Init	8	static
../Core/Src/main.c:992:13:MX_USB_OTG_FS_PCD_Init	8	static
../Core/Src/main.c:1027:13:MX_GPIO_Init	56	static
