../Drivers/CMSIS/Include/core_cm4.h:1684:22:__NVIC_EnableIRQ	2
../Drivers/CMSIS/Include/core_cm4.h:1814:22:__NVIC_SetPriority	2
../Core/Src/main.c:99:5:main	2
../Core/Src/main.c:188:6:SystemClock_Config	3
../Core/Src/main.c:234:13:MX_ETH_Init	2
../Core/Src/main.c:283:13:MX_USART3_UART_Init	2
../Core/Src/main.c:316:13:MX_USB_OTG_FS_PCD_Init	2
../Core/Src/main.c:351:13:MX_GPIO_Init	1
../Core/Src/main.c:404:6:Current_Task	2
../Core/Src/main.c:471:6:StartDefaultTask	2
../Core/Src/main.c:490:6:Error_Handler	1
