../Drivers/CMSIS/Include/core_cm4.h:1684:22:__NVIC_EnableIRQ	16	static,ignoring_inline_asm
../Drivers/CMSIS/Include/core_cm4.h:1814:22:__NVIC_SetPriority	16	static
../Core/Src/main.c:85:5:main	8	static
../Core/Src/main.c:172:6:SystemClock_Config	88	static
../Core/Src/main.c:218:13:MX_ETH_Init	8	static
../Core/Src/main.c:267:13:MX_USART3_UART_Init	8	static
../Core/Src/main.c:300:13:MX_USB_OTG_FS_PCD_Init	8	static
../Core/Src/main.c:335:13:MX_GPIO_Init	56	static
../Core/Src/main.c:397:6:StartDefaultTask	24	static
../Core/Src/main.c:416:6:Error_Handler	4	static,ignoring_inline_asm
