../Drivers/CMSIS/Include/core_cm4.h:1684:22:__NVIC_EnableIRQ	16	static,ignoring_inline_asm
../Drivers/CMSIS/Include/core_cm4.h:1814:22:__NVIC_SetPriority	16	static
../Core/Src/main.c:95:5:main	8	static
../Core/Src/main.c:182:6:SystemClock_Config	88	static
../Core/Src/main.c:228:13:MX_ETH_Init	8	static
../Core/Src/main.c:277:13:MX_USART3_UART_Init	8	static
../Core/Src/main.c:310:13:MX_USB_OTG_FS_PCD_Init	8	static
../Core/Src/main.c:345:13:MX_GPIO_Init	56	static
../Core/Src/main.c:408:6:StartDefaultTask	24	static
../Core/Src/main.c:433:6:Error_Handler	4	static,ignoring_inline_asm
