16:20:38 **** Incremental Build of configuration Debug for project mini_project1 ****
make -j12 all 
arm-none-eabi-gcc "../Core/Src/main.c" -mcpu=cortex-m4 -std=gnu11 -g3 -DDEBUG -DUSE_HAL_DRIVER -DSTM32F429xx -c -I../Core/Inc -I../Drivers/STM32F4xx_HAL_Driver/Inc -I../Drivers/STM32F4xx_HAL_Driver/Inc/Legacy -I../Drivers/CMSIS/Device/ST/STM32F4xx/Include -I../Drivers/CMSIS/Include -O0 -ffunction-sections -fdata-sections -Wall -fstack-usage -fcyclomatic-complexity -MMD -MP -MF"Core/Src/main.d" -MT"Core/Src/main.o" --specs=nano.specs -mfpu=fpv4-sp-d16 -mfloat-abi=hard -mthumb -o "Core/Src/main.o"
arm-none-eabi-gcc -o "mini_project1.elf" @"objects.list"   -mcpu=cortex-m4 -T"C:\Users\kanaw\Documents\Telechips4\cubeIDE_projects\workspace_2.1.1\mini_project1\STM32F429ZITX_FLASH.ld" --specs=nosys.specs -Wl,-Map="mini_project1.map" -Wl,--gc-sections -static --specs=nano.specs -mfpu=fpv4-sp-d16 -mfloat-abi=hard -mthumb -Wl,--start-group -lc -lm -Wl,--end-group
Finished building target: mini_project1.elf
 
arm-none-eabi-size  mini_project1.elf 
arm-none-eabi-objdump -h -S mini_project1.elf  > "mini_project1.list"
   text	   data	    bss	    dec	    hex	filename
  14620	     12	   3468	  18100	   46b4	mini_project1.elf
Finished building: default.size.stdout
 
Finished building: mini_project1.list
 

16:20:39 Build Finished. 0 errors, 0 warnings. (took 748ms)

