17:12:37 **** Incremental Build of configuration Debug for project RTOS_debug2 ****
make -j12 all 
arm-none-eabi-gcc "../Core/Src/main.c" -mcpu=cortex-m4 -std=gnu11 -g3 -DDEBUG -DUSE_HAL_DRIVER -DSTM32F429xx -c -I../Core/Inc -I../Drivers/STM32F4xx_HAL_Driver/Inc -I../Drivers/STM32F4xx_HAL_Driver/Inc/Legacy -I../Middlewares/Third_Party/FreeRTOS/Source/include -I../Middlewares/Third_Party/FreeRTOS/Source/CMSIS_RTOS_V2 -I../Middlewares/Third_Party/FreeRTOS/Source/portable/GCC/ARM_CM4F -I../Drivers/CMSIS/Device/ST/STM32F4xx/Include -I../Drivers/CMSIS/Include -O0 -ffunction-sections -fdata-sections -Wall -fstack-usage -fcyclomatic-complexity -MMD -MP -MF"Core/Src/main.d" -MT"Core/Src/main.o" --specs=nano.specs -mfpu=fpv4-sp-d16 -mfloat-abi=hard -mthumb -o "Core/Src/main.o"
arm-none-eabi-gcc -o "RTOS_debug2.elf" @"objects.list"   -mcpu=cortex-m4 -T"C:\Users\kana0\source\repos\Tele_boot\cubeIDE_projects\workspace_2.1.1\RTOS_debug2\STM32F429ZITX_FLASH.ld" --specs=nosys.specs -Wl,-Map="RTOS_debug2.map" -Wl,--gc-sections -static --specs=nano.specs -mfpu=fpv4-sp-d16 -mfloat-abi=hard -mthumb -Wl,--start-group -lc -lm -Wl,--end-group
Finished building target: RTOS_debug2.elf
 
arm-none-eabi-size  RTOS_debug2.elf 
arm-none-eabi-objdump -h -S RTOS_debug2.elf  > "RTOS_debug2.list"
   text	   data	    bss	    dec	    hex	filename
  24072	     16	  22232	  46320	   b4f0	RTOS_debug2.elf
Finished building: default.size.stdout
 
Finished building: RTOS_debug2.list
 

17:12:39 Build Finished. 0 errors, 0 warnings. (took 1s.200ms)

