../Drivers/CMSIS/Include/core_cm4.h:1684:22:__NVIC_EnableIRQ	16	static,ignoring_inline_asm
../Drivers/CMSIS/Include/core_cm4.h:1814:22:__NVIC_SetPriority	16	static
../Core/Src/uart.c:33:6:UART3_Init	8	static
../Core/Src/uart.c:57:6:UART3_Send_Byte_IT	24	static
../Core/Src/uart.c:67:6:USART3_IRQHandler	24	static
../Core/Src/uart.c:93:17:Get_RX_Buffer_Count	4	static
../Core/Src/uart.c:99:16:Pop_RX_Byte	16	static
../Core/Src/uart.c:107:6:UART_Task_Init	8	static
../Core/Src/uart.c:112:6:StartUARTTask	232	static
