../Drivers/CMSIS/Include/core_cm4.h:1684:22:__NVIC_EnableIRQ	16	static,ignoring_inline_asm
../Drivers/CMSIS/Include/core_cm4.h:1814:22:__NVIC_SetPriority	16	static
../Core/Src/main.c:69:6:UART3_Init	4	static
../Core/Src/main.c:95:6:UART3_Send_Byte	16	static
../Core/Src/main.c:104:6:UART3_Send_String	16	static
../Core/Src/main.c:110:10:UART3_Printf	216	static
../Core/Src/main.c:151:5:main	16	static
../Core/Src/main.c:264:6:SystemClock_Config	88	static
../Core/Src/main.c:310:13:MX_ETH_Init	8	static
../Core/Src/main.c:359:13:MX_USART3_UART_Init	8	static
../Core/Src/main.c:392:13:MX_USB_OTG_FS_PCD_Init	8	static
../Core/Src/main.c:427:13:MX_GPIO_Init	56	static
../Core/Src/main.c:484:6:Start1	16	static
../Core/Src/main.c:499:6:Start2	16	static
../Core/Src/main.c:515:6:USART3_IRQHandler	16	static,ignoring_inline_asm
../Core/Src/main.c:530:6:StartDefaultTask	16	static
../Core/Src/main.c:543:6:UartTask	32	static
../Core/Src/main.c:590:6:EXTI15_10_IRQHandler	16	static,ignoring_inline_asm
../Core/Src/main.c:609:6:Error_Handler	4	static,ignoring_inline_asm
