../Drivers/CMSIS/Include/core_cm4.h:1684:22:__NVIC_EnableIRQ	16	static,ignoring_inline_asm
../Core/Src/main.c:124:5:main	8	static
../Core/Src/main.c:164:6:TIM6_DAC_IRQHandler	8	static
../Core/Src/main.c:179:6:SystemClock_Config	88	static
../Core/Src/main.c:225:13:MX_ETH_Init	8	static
../Core/Src/main.c:274:13:MX_TIM6_Init	16	static
../Core/Src/main.c:312:13:MX_TIM9_Init	24	static
../Core/Src/main.c:354:13:MX_USART3_UART_Init	8	static
../Core/Src/main.c:387:13:MX_USB_OTG_FS_PCD_Init	8	static
../Core/Src/main.c:422:13:MX_GPIO_Init	56	static
../Core/Src/main.c:482:6:Error_Handler	4	static,ignoring_inline_asm
