../Drivers/CMSIS/Include/core_cm4.h:1684:22:__NVIC_EnableIRQ	16	static,ignoring_inline_asm
../Drivers/CMSIS/Include/core_cm4.h:1814:22:__NVIC_SetPriority	16	static
../Core/Src/uart.c:219:6:UART3_Init	8	static
../Core/Src/uart.c:255:6:UART3_Send_Byte_IT	24	static
../Core/Src/uart.c:272:9:UART3_Receive_Byte_IT	16	static
../Core/Src/uart.c:289:6:USART3_IRQHandler	24	static
../Core/Src/uart.c:318:6:UART3_Send_String	16	static
../Core/Src/uart.c:328:10:UART3_Printf	216	static
../Core/Src/uart.c:345:6:Send_System_Packet	64	static
